2026-01-09 00:22:29,284 - __main__ - INFO - ============================================================
2026-01-09 00:22:29,284 - __main__ - INFO - Enhanced YouTube Data Collection Pipeline
2026-01-09 00:22:29,284 - __main__ - INFO - ============================================================
2026-01-09 00:22:29,284 - __main__ - INFO - API key loaded successfully
2026-01-09 00:22:29,291 - googleapiclient.discovery_cache - INFO - file_cache is only supported with oauth2client<4.0.0
2026-01-09 00:22:29,295 - src.data.youtube_collector - INFO - YouTube API client initialized successfully
2026-01-09 00:22:29,449 - __main__ - INFO - Loaded 3 channels from data\raw\channels.csv
2026-01-09 00:22:29,449 - __main__ - INFO - 
============================================================
2026-01-09 00:22:29,449 - __main__ - INFO - PHASE 1: CHANNEL STATISTICS
2026-01-09 00:22:29,449 - __main__ - INFO - ============================================================
2026-01-09 00:22:29,451 - __main__ - INFO - [1/3] Getting stats for UCuJqXbrblfKeO9fa82a7KHQ
2026-01-09 00:22:29,822 - __main__ - INFO - [2/3] Getting stats for UC1OxQheqDv1l0l7sj3HHqQQ
2026-01-09 00:22:29,941 - __main__ - INFO - [3/3] Getting stats for UCuJqXbrblfKeO9fa82a7KHQ
2026-01-09 00:22:30,074 - __main__ - INFO - ✓ Saved channel statistics to: data\raw\channel_statistics.csv
2026-01-09 00:22:30,074 - __main__ - INFO - 
============================================================
2026-01-09 00:22:30,074 - __main__ - INFO - PHASE 2: VIDEO METADATA
2026-01-09 00:22:30,074 - __main__ - INFO - ============================================================
2026-01-09 00:22:30,074 - src.data.youtube_collector - INFO - Starting collection from 3 channels
2026-01-09 00:22:30,074 - src.data.youtube_collector - INFO - Max videos per channel: All
2026-01-09 00:22:30,074 - src.data.youtube_collector - INFO - Quota limit: 8000 units
2026-01-09 00:22:30,074 - src.data.youtube_collector - INFO - [1/3] Processing: Katfi Charif Zina
2026-01-09 00:22:30,074 - src.data.youtube_collector - INFO - Fetching videos from channel UCuJqXbrblfKeO9fa82a7KHQ
2026-01-09 00:22:33,289 - src.data.youtube_collector - INFO - Retrieved 272 video IDs from channel (6 API requests)
2026-01-09 00:22:33,289 - src.data.youtube_collector - INFO - Fetching metadata for 272 videos
2026-01-09 00:23:20,698 - src.data.youtube_collector - INFO - Collected 272 videos from Katfi Charif Zina (Total quota: 872/8000)
2026-01-09 00:23:20,698 - src.data.youtube_collector - INFO - [2/3] Processing: Mr.Mansouri
2026-01-09 00:23:20,699 - src.data.youtube_collector - INFO - Fetching videos from channel UC1OxQheqDv1l0l7sj3HHqQQ
2026-01-09 00:23:22,342 - src.data.youtube_collector - INFO - Retrieved 193 video IDs from channel (4 API requests)
2026-01-09 00:23:22,342 - src.data.youtube_collector - INFO - Fetching metadata for 193 videos
2026-01-09 00:23:54,856 - src.data.youtube_collector - INFO - Collected 193 videos from Mr.Mansouri (Total quota: 1465/8000)
2026-01-09 00:23:54,857 - src.data.youtube_collector - INFO - [3/3] Processing: Higuone Oussama
2026-01-09 00:23:54,857 - src.data.youtube_collector - INFO - Fetching videos from channel UCuJqXbrblfKeO9fa82a7KHQ
2026-01-09 00:23:57,827 - src.data.youtube_collector - INFO - Retrieved 272 video IDs from channel (6 API requests)
2026-01-09 00:23:57,827 - src.data.youtube_collector - INFO - Fetching metadata for 272 videos
2026-01-09 00:24:44,851 - src.data.youtube_collector - INFO - Collected 272 videos from Higuone Oussama (Total quota: 2337/8000)
2026-01-09 00:24:44,859 - src.data.youtube_collector - INFO - Collection complete: 737 videos from 2 channels
2026-01-09 00:24:44,860 - src.data.youtube_collector - INFO - Total API quota used: 2337
2026-01-09 00:24:44,911 - __main__ - INFO - ✓ Saved 737 videos to: data\raw\test.csv
2026-01-09 00:24:44,912 - __main__ - INFO - 
============================================================
2026-01-09 00:24:44,912 - __main__ - INFO - COLLECTION COMPLETE
2026-01-09 00:24:44,913 - __main__ - INFO - ============================================================
2026-01-09 00:24:44,914 - __main__ - INFO - ✓ Videos collected: 737
2026-01-09 00:24:44,914 - __main__ - INFO - ✓ Channels analyzed: 3
2026-01-09 00:24:44,914 - __main__ - INFO - ✓ Total quota used: 2337
