2026-01-08 23:28:20,320 - __main__ - INFO - ============================================================
2026-01-08 23:28:20,320 - __main__ - INFO - YouTube Data Collection Pipeline
2026-01-08 23:28:20,320 - __main__ - INFO - ============================================================
2026-01-08 23:28:20,320 - __main__ - INFO - API key loaded successfully
2026-01-08 23:28:20,436 - googleapiclient.discovery_cache - INFO - file_cache is only supported with oauth2client<4.0.0
2026-01-08 23:28:20,488 - src.data.youtube_collector - INFO - YouTube API client initialized successfully
2026-01-08 23:28:20,589 - __main__ - INFO - Loaded 2 channels from data\raw\channels.csv
2026-01-08 23:28:20,770 - src.data.youtube_collector - INFO - Starting collection from 2 channels
2026-01-08 23:28:20,770 - src.data.youtube_collector - INFO - Max videos per channel: All
2026-01-08 23:28:20,770 - src.data.youtube_collector - INFO - Quota limit: 8000 units
2026-01-08 23:28:20,770 - src.data.youtube_collector - INFO - [1/2] Processing: Katfi Charif Zina
2026-01-08 23:28:20,770 - src.data.youtube_collector - INFO - Fetching videos from channel UCuJqXbrblfKeO9fa82a7KHQ
2026-01-08 23:28:22,261 - src.data.youtube_collector - INFO - Retrieved 125 video IDs from channel (3 API requests)
2026-01-08 23:28:22,261 - src.data.youtube_collector - INFO - Fetching metadata for 125 videos
2026-01-08 23:28:44,918 - src.data.youtube_collector - INFO - Collected 125 videos from Katfi Charif Zina (Total quota: 425/8000)
2026-01-08 23:28:44,918 - src.data.youtube_collector - INFO - [2/2] Processing: Mr.Mansouri
2026-01-08 23:28:44,918 - src.data.youtube_collector - INFO - Fetching videos from channel UC1OxQheqDv1l0l7sj3HHqQQ
2026-01-08 23:28:46,440 - src.data.youtube_collector - INFO - Retrieved 193 video IDs from channel (4 API requests)
2026-01-08 23:28:46,440 - src.data.youtube_collector - INFO - Fetching metadata for 193 videos
2026-01-08 23:29:25,090 - src.data.youtube_collector - INFO - Collected 193 videos from Mr.Mansouri (Total quota: 1018/8000)
2026-01-08 23:29:25,198 - src.data.youtube_collector - INFO - Collection complete: 318 videos from 2 channels
2026-01-08 23:29:25,198 - src.data.youtube_collector - INFO - Total API quota used: 1018
2026-01-08 23:29:25,302 - __main__ - INFO - Dataset shape: (318, 14)
2026-01-08 23:29:25,303 - __main__ - INFO - Columns: video_id, title, description, publish_date, channel_id, channel_title, category_id, duration_iso, view_count, like_count, comment_count, tags, thumbnail_url, duration_sec
2026-01-08 23:29:25,321 - __main__ - INFO - Date range: 2020-11-25 19:00:24+00:00 to 2026-01-08 14:26:18+00:00
2026-01-09 00:07:03,590 - __main__ - INFO - ============================================================
2026-01-09 00:07:03,590 - __main__ - INFO - YouTube Data Collection Pipeline
2026-01-09 00:07:03,590 - __main__ - INFO - ============================================================
2026-01-09 00:07:03,590 - __main__ - INFO - API key loaded successfully
2026-01-09 00:07:03,607 - googleapiclient.discovery_cache - INFO - file_cache is only supported with oauth2client<4.0.0
2026-01-09 00:07:03,614 - src.data.youtube_collector - INFO - YouTube API client initialized successfully
2026-01-09 00:07:03,617 - __main__ - INFO - Loaded 3 channels from data\raw\channels.csv
2026-01-09 00:07:03,618 - src.data.youtube_collector - INFO - Starting collection from 3 channels
2026-01-09 00:07:03,618 - src.data.youtube_collector - INFO - Max videos per channel: 5
2026-01-09 00:07:03,618 - src.data.youtube_collector - INFO - Quota limit: 8000 units
2026-01-09 00:07:03,618 - src.data.youtube_collector - INFO - [1/3] Processing: Katfi Charif Zina
2026-01-09 00:07:03,618 - src.data.youtube_collector - INFO - Fetching videos from channel UCuJqXbrblfKeO9fa82a7KHQ
2026-01-09 00:07:04,180 - src.data.youtube_collector - INFO - Retrieved 25 video IDs from channel (1 API requests)
2026-01-09 00:07:04,180 - src.data.youtube_collector - INFO - Fetching metadata for 25 videos
2026-01-09 00:07:07,269 - src.data.youtube_collector - INFO - Collected 25 videos from Katfi Charif Zina (Total quota: 125/8000)
2026-01-09 00:07:07,269 - src.data.youtube_collector - INFO - [2/3] Processing: Mr.Mansouri
2026-01-09 00:07:07,269 - src.data.youtube_collector - INFO - Fetching videos from channel UC1OxQheqDv1l0l7sj3HHqQQ
2026-01-09 00:07:07,657 - src.data.youtube_collector - INFO - Retrieved 5 video IDs from channel (1 API requests)
2026-01-09 00:07:07,657 - src.data.youtube_collector - INFO - Fetching metadata for 5 videos
2026-01-09 00:07:08,246 - src.data.youtube_collector - INFO - Collected 5 videos from Mr.Mansouri (Total quota: 230/8000)
2026-01-09 00:07:08,246 - src.data.youtube_collector - INFO - [3/3] Processing: Higuone Oussama
2026-01-09 00:07:08,246 - src.data.youtube_collector - INFO - Fetching videos from channel UCxxxxxx_replace_with_real_id
2026-01-09 00:07:08,496 - src.data.youtube_collector - INFO - Retrieved 0 video IDs from channel (1 API requests)
2026-01-09 00:07:08,498 - src.data.youtube_collector - WARNING - No videos found for Higuone Oussama
2026-01-09 00:07:08,498 - src.data.youtube_collector - INFO - Collection complete: 30 videos from 2 channels
2026-01-09 00:07:08,498 - src.data.youtube_collector - INFO - Total API quota used: 330
2026-01-09 00:07:08,506 - __main__ - INFO - ✓ Saved 30 videos to: data\raw\test.csv
2026-01-09 00:07:08,506 - __main__ - INFO - Dataset shape: (30, 14)
2026-01-09 00:07:08,507 - __main__ - INFO - Columns: video_id, title, description, publish_date, channel_id, channel_title, category_id, duration_iso, view_count, like_count, comment_count, tags, thumbnail_url, duration_sec
2026-01-09 00:07:08,508 - __main__ - INFO - Date range: 2025-11-07 19:00:07+00:00 to 2026-01-08 14:26:18+00:00
2026-01-09 00:12:12,981 - __main__ - INFO - ============================================================
2026-01-09 00:12:12,989 - __main__ - INFO - YouTube Data Collection Pipeline
2026-01-09 00:12:12,989 - __main__ - INFO - ============================================================
2026-01-09 00:12:12,989 - __main__ - INFO - API key loaded successfully
2026-01-09 00:12:12,989 - googleapiclient.discovery_cache - INFO - file_cache is only supported with oauth2client<4.0.0
2026-01-09 00:12:13,000 - src.data.youtube_collector - INFO - YouTube API client initialized successfully
2026-01-09 00:12:13,005 - __main__ - INFO - Loaded 3 channels from data\raw\channels.csv
2026-01-09 00:12:13,005 - src.data.youtube_collector - INFO - Starting collection from 3 channels
2026-01-09 00:12:13,005 - src.data.youtube_collector - INFO - Max videos per channel: 5
2026-01-09 00:12:13,005 - src.data.youtube_collector - INFO - Quota limit: 8000 units
2026-01-09 00:12:13,007 - src.data.youtube_collector - INFO - [1/3] Processing: Katfi Charif Zina
2026-01-09 00:12:13,007 - src.data.youtube_collector - INFO - Fetching videos from channel UCuJqXbrblfKeO9fa82a7KHQ
2026-01-09 00:12:13,618 - src.data.youtube_collector - INFO - Retrieved 5 video IDs from channel (1 API requests)
2026-01-09 00:12:13,618 - src.data.youtube_collector - INFO - Fetching metadata for 5 videos
2026-01-09 00:12:14,501 - src.data.youtube_collector - INFO - Collected 5 videos from Katfi Charif Zina (Total quota: 105/8000)
2026-01-09 00:12:14,501 - src.data.youtube_collector - INFO - [2/3] Processing: Mr.Mansouri
2026-01-09 00:12:14,501 - src.data.youtube_collector - INFO - Fetching videos from channel UC1OxQheqDv1l0l7sj3HHqQQ
2026-01-09 00:12:14,818 - src.data.youtube_collector - INFO - Retrieved 5 video IDs from channel (1 API requests)
2026-01-09 00:12:14,818 - src.data.youtube_collector - INFO - Fetching metadata for 5 videos
2026-01-09 00:12:15,635 - src.data.youtube_collector - INFO - Collected 5 videos from Mr.Mansouri (Total quota: 210/8000)
2026-01-09 00:12:15,635 - src.data.youtube_collector - INFO - [3/3] Processing: Higuone Oussama
2026-01-09 00:12:15,635 - src.data.youtube_collector - INFO - Fetching videos from channel UCxxxxxx_replace_with_real_id
2026-01-09 00:12:15,785 - src.data.youtube_collector - INFO - Retrieved 0 video IDs from channel (1 API requests)
2026-01-09 00:12:15,785 - src.data.youtube_collector - WARNING - No videos found for Higuone Oussama
2026-01-09 00:12:15,795 - src.data.youtube_collector - INFO - Collection complete: 10 videos from 2 channels
2026-01-09 00:12:15,795 - src.data.youtube_collector - INFO - Total API quota used: 310
2026-01-09 00:12:15,801 - __main__ - INFO - ✓ Saved 10 videos to: data\raw\test2.csv
2026-01-09 00:12:15,801 - __main__ - INFO - Dataset shape: (10, 14)
2026-01-09 00:12:15,801 - __main__ - INFO - Columns: video_id, title, description, publish_date, channel_id, channel_title, category_id, duration_iso, view_count, like_count, comment_count, tags, thumbnail_url, duration_sec
2026-01-09 00:12:15,802 - __main__ - INFO - Date range: 2026-01-01 15:06:12+00:00 to 2026-01-08 14:26:18+00:00
2026-01-09 00:12:28,912 - __main__ - INFO - ============================================================
2026-01-09 00:12:28,912 - __main__ - INFO - YouTube Data Collection Pipeline
2026-01-09 00:12:28,912 - __main__ - INFO - ============================================================
2026-01-09 00:12:28,928 - __main__ - INFO - API key loaded successfully
2026-01-09 00:12:28,934 - googleapiclient.discovery_cache - INFO - file_cache is only supported with oauth2client<4.0.0
2026-01-09 00:12:28,938 - src.data.youtube_collector - INFO - YouTube API client initialized successfully
2026-01-09 00:12:28,942 - __main__ - INFO - Loaded 3 channels from data\raw\channels.csv
2026-01-09 00:12:28,942 - src.data.youtube_collector - INFO - Starting collection from 3 channels
2026-01-09 00:12:28,942 - src.data.youtube_collector - INFO - Max videos per channel: 5
2026-01-09 00:12:28,942 - src.data.youtube_collector - INFO - Quota limit: 8000 units
2026-01-09 00:12:28,942 - src.data.youtube_collector - INFO - [1/3] Processing: Katfi Charif Zina
2026-01-09 00:12:28,942 - src.data.youtube_collector - INFO - Fetching videos from channel UCuJqXbrblfKeO9fa82a7KHQ
2026-01-09 00:12:29,512 - src.data.youtube_collector - INFO - Retrieved 5 video IDs from channel (1 API requests)
2026-01-09 00:12:29,512 - src.data.youtube_collector - INFO - Fetching metadata for 5 videos
2026-01-09 00:12:30,497 - src.data.youtube_collector - INFO - Collected 5 videos from Katfi Charif Zina (Total quota: 105/8000)
2026-01-09 00:12:30,497 - src.data.youtube_collector - INFO - [2/3] Processing: Mr.Mansouri
2026-01-09 00:12:30,497 - src.data.youtube_collector - INFO - Fetching videos from channel UC1OxQheqDv1l0l7sj3HHqQQ
2026-01-09 00:12:30,813 - src.data.youtube_collector - INFO - Retrieved 5 video IDs from channel (1 API requests)
2026-01-09 00:12:30,813 - src.data.youtube_collector - INFO - Fetching metadata for 5 videos
2026-01-09 00:12:31,804 - src.data.youtube_collector - INFO - Collected 5 videos from Mr.Mansouri (Total quota: 210/8000)
2026-01-09 00:12:31,804 - src.data.youtube_collector - INFO - [3/3] Processing: Higuone Oussama
2026-01-09 00:12:31,804 - src.data.youtube_collector - INFO - Fetching videos from channel UCxxxxxx_replace_with_real_id
2026-01-09 00:12:32,146 - src.data.youtube_collector - INFO - Retrieved 0 video IDs from channel (1 API requests)
2026-01-09 00:12:32,146 - src.data.youtube_collector - WARNING - No videos found for Higuone Oussama
2026-01-09 00:12:32,154 - src.data.youtube_collector - INFO - Collection complete: 10 videos from 2 channels
2026-01-09 00:12:32,154 - src.data.youtube_collector - INFO - Total API quota used: 310
2026-01-09 00:12:32,158 - __main__ - INFO - ✓ Saved 10 videos to: data\raw\test3.csv
2026-01-09 00:12:32,158 - __main__ - INFO - Dataset shape: (10, 14)
2026-01-09 00:12:32,158 - __main__ - INFO - Columns: video_id, title, description, publish_date, channel_id, channel_title, category_id, duration_iso, view_count, like_count, comment_count, tags, thumbnail_url, duration_sec
2026-01-09 00:12:32,158 - __main__ - INFO - Date range: 2026-01-01 15:06:12+00:00 to 2026-01-08 14:26:18+00:00
2026-01-10 23:10:54,479 - __main__ - INFO - ============================================================
2026-01-10 23:10:54,479 - __main__ - INFO - YouTube Data Collection Pipeline
2026-01-10 23:10:54,479 - __main__ - INFO - ============================================================
2026-01-10 23:10:54,479 - __main__ - INFO - Run ID: 62b480a0
2026-01-10 23:10:54,479 - __main__ - INFO - Snapshot date: 2026-01-10T23:10:54.479724
2026-01-10 23:10:54,480 - __main__ - INFO - API key loaded successfully
2026-01-10 23:10:54,543 - googleapiclient.discovery_cache - INFO - file_cache is only supported with oauth2client<4.0.0
2026-01-10 23:10:54,575 - src.data.youtube_collector - INFO - YouTube API client initialized successfully
2026-01-10 23:10:54,575 - __main__ - INFO - Loaded 3 channels from data\raw\channels.csv
2026-01-10 23:10:54,575 - src.data.video_registry - INFO - Registry not found at data\raw\video_registry.csv, creating new one
2026-01-10 23:10:54,575 - __main__ - INFO - Registry loaded: 0 existing videos
2026-01-10 23:10:54,575 - src.data.youtube_collector - INFO - Starting collection from 3 channels
2026-01-10 23:10:54,575 - src.data.youtube_collector - INFO - Max videos per channel: 5
2026-01-10 23:10:54,575 - src.data.youtube_collector - INFO - Quota limit: 100 units
2026-01-10 23:10:54,575 - src.data.youtube_collector - INFO - [1/3] Processing: Katfi Charif Zina
2026-01-10 23:10:54,575 - src.data.youtube_collector - INFO - Fetching videos from channel UCuJqXbrblfKeO9fa82a7KHQ
2026-01-10 23:10:55,251 - src.data.youtube_collector - INFO - Retrieved 5 video IDs using uploads playlist
2026-01-10 23:10:55,251 - src.data.youtube_collector - INFO - Fetching metadata for 5 videos (batched)
2026-01-10 23:10:55,251 - src.data.youtube_collector - INFO - Fetching metadata for 5 videos in 1 batches
2026-01-10 23:10:55,403 - src.data.youtube_collector - INFO - Fetched metadata for 5/5 videos (1 API requests, 1 quota units)
2026-01-10 23:10:55,403 - src.data.youtube_collector - INFO - Collected 5 videos from Katfi Charif Zina (Total quota: 3/100)
2026-01-10 23:10:55,403 - src.data.youtube_collector - INFO - [2/3] Processing: Mr.Mansouri
2026-01-10 23:10:55,403 - src.data.youtube_collector - INFO - Fetching videos from channel UC1OxQheqDv1l0l7sj3HHqQQ
2026-01-10 23:10:55,745 - src.data.youtube_collector - INFO - Retrieved 5 video IDs using uploads playlist
2026-01-10 23:10:55,745 - src.data.youtube_collector - INFO - Fetching metadata for 5 videos (batched)
2026-01-10 23:10:55,746 - src.data.youtube_collector - INFO - Fetching metadata for 5 videos in 1 batches
2026-01-10 23:10:55,883 - src.data.youtube_collector - INFO - Fetched metadata for 5/5 videos (1 API requests, 1 quota units)
2026-01-10 23:10:55,883 - src.data.youtube_collector - INFO - Collected 5 videos from Mr.Mansouri (Total quota: 6/100)
2026-01-10 23:10:55,883 - src.data.youtube_collector - INFO - [3/3] Processing: Higuone Oussama
2026-01-10 23:10:55,883 - src.data.youtube_collector - INFO - Fetching videos from channel UCTiFoJXhyBE1QYL4ClQVprQ
2026-01-10 23:10:56,184 - src.data.youtube_collector - INFO - Retrieved 5 video IDs using uploads playlist
2026-01-10 23:10:56,184 - src.data.youtube_collector - INFO - Fetching metadata for 5 videos (batched)
2026-01-10 23:10:56,184 - src.data.youtube_collector - INFO - Fetching metadata for 5 videos in 1 batches
2026-01-10 23:10:56,335 - src.data.youtube_collector - INFO - Fetched metadata for 5/5 videos (1 API requests, 1 quota units)
2026-01-10 23:10:56,335 - src.data.youtube_collector - INFO - Collected 5 videos from Higuone Oussama (Total quota: 9/100)
2026-01-10 23:10:56,375 - src.data.youtube_collector - INFO - Collection complete: 15 videos from 3 channels
2026-01-10 23:10:56,375 - src.data.youtube_collector - INFO - Total API quota used: 9
2026-01-10 23:10:56,392 - __main__ - INFO - Saved 15 videos to: data\raw\videos_metadata.csv
2026-01-10 23:10:56,392 - __main__ - INFO - Dataset shape: (15, 16)
2026-01-10 23:10:56,392 - __main__ - INFO - Columns: video_id, title, description, publish_date, channel_id, channel_title, category_id, duration_iso, duration_sec, view_count, like_count, comment_count, tags, thumbnail_url, snapshot_date, run_id
2026-01-10 23:10:56,392 - __main__ - INFO - Date range: 2025-10-26 18:00:11+00:00 to 2026-01-08 14:26:18+00:00
2026-01-10 23:10:56,392 - __main__ - INFO - Quota used: 9 units
